../Core/Src/main.c:199:9:read_encoder	16	static
../Core/Src/main.c:213:5:main	32	static
../Core/Src/main.c:342:6:SystemClock_Config	88	static
../Core/Src/main.c:389:13:MX_TIM1_Init	80	static
../Core/Src/main.c:458:13:MX_TIM2_Init	48	static
../Core/Src/main.c:507:13:MX_TIM3_Init	56	static
../Core/Src/main.c:556:13:MX_TIM4_Init	56	static
../Core/Src/main.c:605:13:MX_TIM10_Init	8	static
../Core/Src/main.c:636:13:MX_USART1_UART_Init	8	static
../Core/Src/main.c:669:13:MX_USART2_UART_Init	8	static
../Core/Src/main.c:702:13:MX_GPIO_Init	48	static
../Core/Src/main.c:747:5:__io_putchar	16	static
../Core/Src/main.c:751:6:HAL_UART_ErrorCallback	32	static
../Core/Src/main.c:765:6:HAL_TIM_PeriodElapsedCallback	32	static
../Core/Src/main.c:892:6:HAL_UART_RxCpltCallback	16	static
../Core/Src/main.c:942:6:Error_Handler	4	static,ignoring_inline_asm
