../Core/Src/main.c:225:5:_write	24	static
../Core/Src/main.c:237:9:read_encoder	16	static
../Core/Src/main.c:261:5:main	32	static
../Core/Src/main.c:402:6:SystemClock_Config	88	static
../Core/Src/main.c:504:13:MX_TIM1_Init	80	static
../Core/Src/main.c:637:13:MX_TIM2_Init	64	static
../Core/Src/main.c:750:13:MX_TIM3_Init	56	static
../Core/Src/main.c:842:13:MX_TIM4_Init	56	static
../Core/Src/main.c:934:13:MX_TIM5_Init	32	static
../Core/Src/main.c:1018:13:MX_TIM10_Init	8	static
../Core/Src/main.c:1074:13:MX_USART1_UART_Init	8	static
../Core/Src/main.c:1134:13:MX_USART2_UART_Init	8	static
../Core/Src/main.c:1194:13:MX_GPIO_Init	48	static
../Core/Src/main.c:1265:6:HAL_TIM_PeriodElapsedCallback	80	static
../Core/Src/main.c:1385:6:HAL_UART_RxCpltCallback	16	static
../Core/Src/main.c:1445:6:Error_Handler	4	static,ignoring_inline_asm
